../Core/Src/sim800l.c:43:13:prv_StartRx	8	static
../Core/Src/sim800l.c:52:6:HAL_UART_RxCpltCallback	16	static
../Core/Src/sim800l.c:63:12:prv_ReadByte	16	static
../Core/Src/sim800l.c:72:13:prv_Send	16	static
../Core/Src/sim800l.c:82:13:prv_WaitFor	304	static
../Core/Src/sim800l.c:116:13:prv_CmdOK	16	static
../Core/Src/sim800l.c:125:13:prv_ActivateGPRS	8	static
../Core/Src/sim800l.c:140:6:SIM800L_Init	96	static
../Core/Src/sim800l.c:181:6:SIM800L_CheckNetwork	144	static
../Core/Src/sim800l.c:200:6:SIM800L_ConnectMQTT	272	static
../Core/Src/sim800l.c:223:6:SIM800L_Subscribe	144	static
../Core/Src/sim800l.c:234:6:SIM800L_PublishMQTT	152	static
../Core/Src/sim800l.c:265:6:SIM800L_IsMQTTConnected	4	static
../Core/Src/sim800l.c:270:6:SIM800L_Process	152	static
../Core/Src/sim800l.c:335:28:SIM800L_OnCommandReceived	16	static
